\BOOKMARK [1][-]{section.1}{\376\377\000I\000n\000t\000r\000o\000d\000u\000c\000t\000i\000o\000n}{}% 1
\BOOKMARK [1][-]{section.2}{\376\377\000M\000e\000t\000h\000o\000d\000s}{}% 2
\BOOKMARK [2][-]{subsection.2.1}{\376\377\000D\000a\000t\000a\000s\000e\000t\000s}{section.2}% 3
\BOOKMARK [3][-]{subsubsection.2.1.1}{\376\377\000M\000I\000M\000I\000C\000-\000I\000V\000\040\000d\000a\000t\000a\000s\000e\000t\000\040\000D\000e\000s\000c\000r\000i\000p\000t\000i\000o\000n}{subsection.2.1}% 4
\BOOKMARK [3][-]{subsubsection.2.1.2}{\376\377\000A\000D\000N\000I\000\040\000d\000a\000t\000a\000s\000e\000t\000\040\000D\000e\000s\000c\000r\000i\000p\000t\000i\000o\000n}{subsection.2.1}% 5
\BOOKMARK [2][-]{subsection.2.2}{\376\377\000G\000e\000n\000e\000r\000a\000l\000\040\000w\000o\000r\000k\000f\000l\000o\000w}{section.2}% 6
\BOOKMARK [3][-]{subsubsection.2.2.1}{\376\377\000K\000n\000o\000w\000l\000e\000d\000g\000e\000\040\000g\000r\000a\000p\000h\000\040\000c\000r\000e\000a\000t\000i\000o\000n}{subsection.2.2}% 7
\BOOKMARK [3][-]{subsubsection.2.2.2}{\376\377\000G\000r\000a\000p\000h\000-\000b\000a\000s\000e\000d\000\040\000d\000i\000m\000e\000n\000s\000i\000o\000n\000a\000l\000i\000t\000y\000\040\000r\000e\000d\000u\000c\000t\000i\000o\000n\000,\000\040\000p\000r\000e\000d\000i\000c\000t\000i\000o\000n\000,\000\040\000a\000n\000d\000\040\000o\000p\000t\000i\000m\000i\000z\000a\000t\000i\000o\000n}{subsection.2.2}% 8
\BOOKMARK [2][-]{subsection.2.3}{\376\377\000E\000v\000a\000l\000u\000a\000t\000i\000o\000n\000\040\000s\000e\000t\000u\000p}{section.2}% 9
\BOOKMARK [2][-]{subsection.2.4}{\376\377\000C\000o\000m\000p\000a\000r\000i\000s\000o\000n\000\040\000s\000e\000t\000u\000p}{section.2}% 10
\BOOKMARK [3][-]{subsubsection.2.4.1}{\376\377\000B\000a\000s\000e\000l\000i\000n\000e\000\040\000-\000\040\000n\000o\000\040\000p\000r\000e\000p\000r\000o\000c\000e\000s\000s\000i\000n\000g}{subsection.2.4}% 11
\BOOKMARK [3][-]{subsubsection.2.4.2}{\376\377\000P\000C\000A}{subsection.2.4}% 12
\BOOKMARK [3][-]{subsubsection.2.4.3}{\376\377\000R\000e\000c\000u\000r\000s\000i\000v\000e\000\040\000f\000e\000a\000t\000u\000r\000e\000\040\000e\000l\000i\000m\000i\000n\000a\000t\000i\000o\000n}{subsection.2.4}% 13
\BOOKMARK [1][-]{section.3}{\376\377\000R\000e\000s\000u\000l\000t\000s}{}% 14
\BOOKMARK [2][-]{subsection.3.1}{\376\377\000P\000e\000r\000f\000o\000r\000m\000a\000n\000c\000e\000\040\000c\000o\000m\000p\000a\000r\000i\000s\000o\000n}{section.3}% 15
\BOOKMARK [2][-]{subsection.3.2}{\376\377\000K\000n\000o\000w\000l\000e\000d\000g\000e\000\040\000g\000r\000a\000p\000h\000\040\000s\000t\000r\000u\000c\000t\000u\000r\000e\000s}{section.3}% 16
\BOOKMARK [2][-]{subsection.3.3}{\376\377\000I\000n\000t\000e\000r\000p\000r\000e\000t\000a\000b\000i\000l\000i\000t\000y\000\040\000u\000s\000i\000n\000g\000\040\000k\000n\000o\000w\000l\000e\000d\000g\000e\000\040\000g\000r\000a\000p\000h\000\040\000-\000\040\000C\000a\000s\000e\000\040\000s\000t\000u\000d\000y}{section.3}% 17
\BOOKMARK [3][-]{subsubsection.3.3.1}{\376\377\000G\000R\000A\000C\000E\000\040\000f\000o\000r\000\040\000A\000l\000z\000h\000e\000i\000m\000e\000r\000'\000s\000\040\000D\000i\000s\000e\000a\000s\000e\000\040\000P\000r\000e\000d\000i\000c\000t\000i\000o\000n}{subsection.3.3}% 18
\BOOKMARK [3][-]{subsubsection.3.3.2}{\376\377\000G\000R\000A\000C\000E\000\040\000f\000o\000r\000\040\000I\000C\000U\000\040\000M\000o\000r\000t\000a\000l\000i\000t\000y\000\040\000P\000r\000e\000d\000i\000c\000t\000i\000o\000n}{subsection.3.3}% 19
\BOOKMARK [3][-]{subsubsection.3.3.3}{\376\377\000C\000l\000i\000n\000i\000c\000a\000l\000\040\000D\000e\000c\000i\000s\000i\000o\000n\000\040\000S\000u\000p\000p\000o\000r\000t\000\040\000T\000h\000r\000o\000u\000g\000h\000\040\000A\000I\000-\000E\000n\000h\000a\000n\000c\000e\000d\000\040\000I\000n\000t\000e\000r\000p\000r\000e\000t\000a\000b\000i\000l\000i\000t\000y}{subsection.3.3}% 20
\BOOKMARK [3][-]{subsubsection.3.3.4}{\376\377\000C\000l\000i\000n\000i\000c\000a\000l\000\040\000W\000o\000r\000k\000f\000l\000o\000w\000\040\000I\000n\000t\000e\000g\000r\000a\000t\000i\000o\000n}{subsection.3.3}% 21
\BOOKMARK [1][-]{section.4}{\376\377\000D\000i\000s\000c\000u\000s\000s\000i\000o\000n}{}% 22
